Uruchamianie klienta Microsoft UI Automation...
Szukam Notatnika (notepad.exe)...

Notatnik nie jest uruchomiony. Uruchamiam Notatnik...
Znaleziono Notatnik (PID: 21048)
Tytuł okna: Bez tytułu — Notatnik
Znaleziono pole edycji tekstu.
Aktywuję okno Notatnika...
Próbuję ValuePattern...
ValuePattern jest tylko do odczytu, próbuję innej metody...
Używam SendKeys do wpisania tekstu...
Tekst wpisany przez SendKeys!

Pomyślnie wpisano tekst do Notatnika!

Tryb automatyczny - zakończenie...
